

================================================================
== Vitis HLS Report for 'convolution_2'
================================================================
* Date:           Tue Jan 28 19:05:53 2025

* Version:        2023.2 (Build 4023990 on Oct 11 2023)
* Project:        CNN_Optimal
* Solution:       solution1 (Vivado IP Flow Target)
* Product family: zynq
* Target device:  xc7z010-clg400-1


================================================================
== Performance Estimates
================================================================
+ Timing: 
    * Summary: 
    +--------+----------+----------+------------+
    |  Clock |  Target  | Estimated| Uncertainty|
    +--------+----------+----------+------------+
    |ap_clk  |  10.00 ns|  7.204 ns|     2.70 ns|
    +--------+----------+----------+------------+

+ Latency: 
    * Summary: 
    +---------+---------+----------+----------+-----+-----+---------+
    |  Latency (cycles) |  Latency (absolute) |  Interval | Pipeline|
    |   min   |   max   |    min   |    max   | min | max |   Type  |
    +---------+---------+----------+----------+-----+-----+---------+
    |      841|      841|  8.410 us|  8.410 us|  841|  841|       no|
    +---------+---------+----------+----------+-----+-----+---------+

    + Detail: 
        * Instance: 
        N/A

        * Loop: 
        +-----------------------------------------------------------+---------+---------+----------+-----------+-----------+------+----------+
        |                                                           |  Latency (cycles) | Iteration|  Initiation Interval  | Trip |          |
        |                         Loop Name                         |   min   |   max   |  Latency |  achieved |   target  | Count| Pipelined|
        +-----------------------------------------------------------+---------+---------+----------+-----------+-----------+------+----------+
        |- conv_for_rows_conv_for_cols_pool_for_rows_pool_for_cols  |      839|      839|        57|          1|          1|   784|       yes|
        +-----------------------------------------------------------+---------+---------+----------+-----------+-----------+------+----------+



================================================================
== Utilization Estimates
================================================================
* Summary: 
+-----------------+---------+----+-------+-------+-----+
|       Name      | BRAM_18K| DSP|   FF  |  LUT  | URAM|
+-----------------+---------+----+-------+-------+-----+
|DSP              |        -|  33|      -|      -|    -|
|Expression       |        -|   -|      0|   3644|    -|
|FIFO             |        -|   -|      -|      -|    -|
|Instance         |        -|   1|    198|   4038|    -|
|Memory           |        -|   -|      -|      -|    -|
|Multiplexer      |        -|   -|      -|  10714|    -|
|Register         |        -|   -|   5251|   1568|    -|
+-----------------+---------+----+-------+-------+-----+
|Total            |        0|  34|   5449|  19964|    0|
+-----------------+---------+----+-------+-------+-----+
|Available        |      120|  80|  35200|  17600|    0|
+-----------------+---------+----+-------+-------+-----+
|Utilization (%)  |        0|  42|     15|    113|    0|
+-----------------+---------+----+-------+-------+-----+

+ Detail: 
    * Instance: 
    +----------------------------------+-----------------------------+---------+----+----+----+-----+
    |             Instance             |            Module           | BRAM_18K| DSP| FF | LUT| URAM|
    +----------------------------------+-----------------------------+---------+----+----+----+-----+
    |dcmp_64ns_64ns_1_2_no_dsp_1_U687  |dcmp_64ns_64ns_1_2_no_dsp_1  |        0|   0|   0|   0|    0|
    |mul_24s_8s_32_1_1_U796            |mul_24s_8s_32_1_1            |        0|   1|   0|  38|    0|
    |mul_5ns_7ns_11_1_1_U739           |mul_5ns_7ns_11_1_1           |        0|   0|   0|  33|    0|
    |mul_5ns_7ns_11_1_1_U740           |mul_5ns_7ns_11_1_1           |        0|   0|   0|  33|    0|
    |mul_5ns_7ns_11_1_1_U741           |mul_5ns_7ns_11_1_1           |        0|   0|   0|  33|    0|
    |mul_5ns_7ns_11_1_1_U742           |mul_5ns_7ns_11_1_1           |        0|   0|   0|  33|    0|
    |mul_5ns_7ns_11_1_1_U743           |mul_5ns_7ns_11_1_1           |        0|   0|   0|  33|    0|
    |mul_5ns_7ns_11_1_1_U744           |mul_5ns_7ns_11_1_1           |        0|   0|   0|  33|    0|
    |mul_5ns_7ns_11_1_1_U745           |mul_5ns_7ns_11_1_1           |        0|   0|   0|  33|    0|
    |mul_5ns_7ns_11_1_1_U746           |mul_5ns_7ns_11_1_1           |        0|   0|   0|  33|    0|
    |sparsemux_15_3_24_1_1_U688        |sparsemux_15_3_24_1_1        |        0|   0|   0|  37|    0|
    |sparsemux_15_3_24_1_1_U689        |sparsemux_15_3_24_1_1        |        0|   0|   0|  37|    0|
    |sparsemux_15_3_24_1_1_U690        |sparsemux_15_3_24_1_1        |        0|   0|   0|  37|    0|
    |sparsemux_15_3_24_1_1_U691        |sparsemux_15_3_24_1_1        |        0|   0|   0|  37|    0|
    |sparsemux_15_3_24_1_1_U692        |sparsemux_15_3_24_1_1        |        0|   0|   0|  37|    0|
    |sparsemux_15_3_24_1_1_U693        |sparsemux_15_3_24_1_1        |        0|   0|   0|  37|    0|
    |sparsemux_15_3_24_1_1_U694        |sparsemux_15_3_24_1_1        |        0|   0|   0|  37|    0|
    |sparsemux_15_3_24_1_1_U747        |sparsemux_15_3_24_1_1        |        0|   0|   0|  37|    0|
    |sparsemux_15_3_24_1_1_U748        |sparsemux_15_3_24_1_1        |        0|   0|   0|  37|    0|
    |sparsemux_15_3_24_1_1_U749        |sparsemux_15_3_24_1_1        |        0|   0|   0|  37|    0|
    |sparsemux_15_3_24_1_1_U750        |sparsemux_15_3_24_1_1        |        0|   0|   0|  37|    0|
    |sparsemux_15_3_24_1_1_U751        |sparsemux_15_3_24_1_1        |        0|   0|   0|  37|    0|
    |sparsemux_15_3_24_1_1_U752        |sparsemux_15_3_24_1_1        |        0|   0|   0|  37|    0|
    |sparsemux_15_3_24_1_1_U753        |sparsemux_15_3_24_1_1        |        0|   0|   0|  37|    0|
    |sparsemux_15_3_24_1_1_x_U695      |sparsemux_15_3_24_1_1_x      |        0|   0|   0|  37|    0|
    |sparsemux_15_3_24_1_1_x_U696      |sparsemux_15_3_24_1_1_x      |        0|   0|   0|  37|    0|
    |sparsemux_15_3_24_1_1_x_U697      |sparsemux_15_3_24_1_1_x      |        0|   0|   0|  37|    0|
    |sparsemux_15_3_24_1_1_x_U698      |sparsemux_15_3_24_1_1_x      |        0|   0|   0|  37|    0|
    |sparsemux_15_3_24_1_1_x_U699      |sparsemux_15_3_24_1_1_x      |        0|   0|   0|  37|    0|
    |sparsemux_15_3_24_1_1_x_U700      |sparsemux_15_3_24_1_1_x      |        0|   0|   0|  37|    0|
    |sparsemux_15_3_24_1_1_x_U701      |sparsemux_15_3_24_1_1_x      |        0|   0|   0|  37|    0|
    |sparsemux_15_3_24_1_1_x_U702      |sparsemux_15_3_24_1_1_x      |        0|   0|   0|  37|    0|
    |sparsemux_15_3_24_1_1_x_U703      |sparsemux_15_3_24_1_1_x      |        0|   0|   0|  37|    0|
    |sparsemux_15_3_24_1_1_x_U704      |sparsemux_15_3_24_1_1_x      |        0|   0|   0|  37|    0|
    |sparsemux_15_3_24_1_1_x_U705      |sparsemux_15_3_24_1_1_x      |        0|   0|   0|  37|    0|
    |sparsemux_15_3_24_1_1_x_U706      |sparsemux_15_3_24_1_1_x      |        0|   0|   0|  37|    0|
    |sparsemux_15_3_24_1_1_x_U707      |sparsemux_15_3_24_1_1_x      |        0|   0|   0|  37|    0|
    |sparsemux_15_3_24_1_1_x_U708      |sparsemux_15_3_24_1_1_x      |        0|   0|   0|  37|    0|
    |sparsemux_15_3_24_1_1_x_U709      |sparsemux_15_3_24_1_1_x      |        0|   0|   0|  37|    0|
    |sparsemux_15_3_24_1_1_x_U710      |sparsemux_15_3_24_1_1_x      |        0|   0|   0|  37|    0|
    |sparsemux_15_3_24_1_1_x_U711      |sparsemux_15_3_24_1_1_x      |        0|   0|   0|  37|    0|
    |sparsemux_15_3_24_1_1_x_U712      |sparsemux_15_3_24_1_1_x      |        0|   0|   0|  37|    0|
    |sparsemux_15_3_24_1_1_x_U713      |sparsemux_15_3_24_1_1_x      |        0|   0|   0|  37|    0|
    |sparsemux_15_3_24_1_1_x_U714      |sparsemux_15_3_24_1_1_x      |        0|   0|   0|  37|    0|
    |sparsemux_15_3_24_1_1_x_U715      |sparsemux_15_3_24_1_1_x      |        0|   0|   0|  37|    0|
    |sparsemux_15_3_24_1_1_x_U716      |sparsemux_15_3_24_1_1_x      |        0|   0|   0|  37|    0|
    |sparsemux_15_3_24_1_1_x_U717      |sparsemux_15_3_24_1_1_x      |        0|   0|   0|  37|    0|
    |sparsemux_15_3_24_1_1_x_U718      |sparsemux_15_3_24_1_1_x      |        0|   0|   0|  37|    0|
    |sparsemux_15_3_24_1_1_x_U719      |sparsemux_15_3_24_1_1_x      |        0|   0|   0|  37|    0|
    |sparsemux_15_3_24_1_1_x_U720      |sparsemux_15_3_24_1_1_x      |        0|   0|   0|  37|    0|
    |sparsemux_15_3_24_1_1_x_U721      |sparsemux_15_3_24_1_1_x      |        0|   0|   0|  37|    0|
    |sparsemux_15_3_24_1_1_x_U722      |sparsemux_15_3_24_1_1_x      |        0|   0|   0|  37|    0|
    |sparsemux_15_3_24_1_1_x_U723      |sparsemux_15_3_24_1_1_x      |        0|   0|   0|  37|    0|
    |sparsemux_15_3_24_1_1_x_U724      |sparsemux_15_3_24_1_1_x      |        0|   0|   0|  37|    0|
    |sparsemux_15_3_24_1_1_x_U725      |sparsemux_15_3_24_1_1_x      |        0|   0|   0|  37|    0|
    |sparsemux_15_3_24_1_1_x_U726      |sparsemux_15_3_24_1_1_x      |        0|   0|   0|  37|    0|
    |sparsemux_15_3_24_1_1_x_U727      |sparsemux_15_3_24_1_1_x      |        0|   0|   0|  37|    0|
    |sparsemux_15_3_24_1_1_x_U728      |sparsemux_15_3_24_1_1_x      |        0|   0|   0|  37|    0|
    |sparsemux_15_3_24_1_1_x_U729      |sparsemux_15_3_24_1_1_x      |        0|   0|   0|  37|    0|
    |sparsemux_15_3_24_1_1_x_U730      |sparsemux_15_3_24_1_1_x      |        0|   0|   0|  37|    0|
    |sparsemux_15_3_24_1_1_x_U731      |sparsemux_15_3_24_1_1_x      |        0|   0|   0|  37|    0|
    |sparsemux_15_3_24_1_1_x_U732      |sparsemux_15_3_24_1_1_x      |        0|   0|   0|  37|    0|
    |sparsemux_15_3_24_1_1_x_U733      |sparsemux_15_3_24_1_1_x      |        0|   0|   0|  37|    0|
    |sparsemux_15_3_24_1_1_x_U734      |sparsemux_15_3_24_1_1_x      |        0|   0|   0|  37|    0|
    |sparsemux_15_3_24_1_1_x_U735      |sparsemux_15_3_24_1_1_x      |        0|   0|   0|  37|    0|
    |sparsemux_15_3_24_1_1_x_U736      |sparsemux_15_3_24_1_1_x      |        0|   0|   0|  37|    0|
    |sparsemux_15_3_24_1_1_x_U754      |sparsemux_15_3_24_1_1_x      |        0|   0|   0|  37|    0|
    |sparsemux_15_3_24_1_1_x_U755      |sparsemux_15_3_24_1_1_x      |        0|   0|   0|  37|    0|
    |sparsemux_15_3_24_1_1_x_U756      |sparsemux_15_3_24_1_1_x      |        0|   0|   0|  37|    0|
    |sparsemux_15_3_24_1_1_x_U757      |sparsemux_15_3_24_1_1_x      |        0|   0|   0|  37|    0|
    |sparsemux_15_3_24_1_1_x_U758      |sparsemux_15_3_24_1_1_x      |        0|   0|   0|  37|    0|
    |sparsemux_15_3_24_1_1_x_U759      |sparsemux_15_3_24_1_1_x      |        0|   0|   0|  37|    0|
    |sparsemux_15_3_24_1_1_x_U760      |sparsemux_15_3_24_1_1_x      |        0|   0|   0|  37|    0|
    |sparsemux_15_3_24_1_1_x_U761      |sparsemux_15_3_24_1_1_x      |        0|   0|   0|  37|    0|
    |sparsemux_15_3_24_1_1_x_U762      |sparsemux_15_3_24_1_1_x      |        0|   0|   0|  37|    0|
    |sparsemux_15_3_24_1_1_x_U763      |sparsemux_15_3_24_1_1_x      |        0|   0|   0|  37|    0|
    |sparsemux_15_3_24_1_1_x_U764      |sparsemux_15_3_24_1_1_x      |        0|   0|   0|  37|    0|
    |sparsemux_15_3_24_1_1_x_U765      |sparsemux_15_3_24_1_1_x      |        0|   0|   0|  37|    0|
    |sparsemux_15_3_24_1_1_x_U766      |sparsemux_15_3_24_1_1_x      |        0|   0|   0|  37|    0|
    |sparsemux_15_3_24_1_1_x_U767      |sparsemux_15_3_24_1_1_x      |        0|   0|   0|  37|    0|
    |sparsemux_15_3_24_1_1_x_U768      |sparsemux_15_3_24_1_1_x      |        0|   0|   0|  37|    0|
    |sparsemux_15_3_24_1_1_x_U769      |sparsemux_15_3_24_1_1_x      |        0|   0|   0|  37|    0|
    |sparsemux_15_3_24_1_1_x_U770      |sparsemux_15_3_24_1_1_x      |        0|   0|   0|  37|    0|
    |sparsemux_15_3_24_1_1_x_U771      |sparsemux_15_3_24_1_1_x      |        0|   0|   0|  37|    0|
    |sparsemux_15_3_24_1_1_x_U772      |sparsemux_15_3_24_1_1_x      |        0|   0|   0|  37|    0|
    |sparsemux_15_3_24_1_1_x_U773      |sparsemux_15_3_24_1_1_x      |        0|   0|   0|  37|    0|
    |sparsemux_15_3_24_1_1_x_U774      |sparsemux_15_3_24_1_1_x      |        0|   0|   0|  37|    0|
    |sparsemux_15_3_24_1_1_x_U775      |sparsemux_15_3_24_1_1_x      |        0|   0|   0|  37|    0|
    |sparsemux_15_3_24_1_1_x_U776      |sparsemux_15_3_24_1_1_x      |        0|   0|   0|  37|    0|
    |sparsemux_15_3_24_1_1_x_U777      |sparsemux_15_3_24_1_1_x      |        0|   0|   0|  37|    0|
    |sparsemux_15_3_24_1_1_x_U778      |sparsemux_15_3_24_1_1_x      |        0|   0|   0|  37|    0|
    |sparsemux_15_3_24_1_1_x_U779      |sparsemux_15_3_24_1_1_x      |        0|   0|   0|  37|    0|
    |sparsemux_15_3_24_1_1_x_U780      |sparsemux_15_3_24_1_1_x      |        0|   0|   0|  37|    0|
    |sparsemux_15_3_24_1_1_x_U781      |sparsemux_15_3_24_1_1_x      |        0|   0|   0|  37|    0|
    |sparsemux_15_3_24_1_1_x_U782      |sparsemux_15_3_24_1_1_x      |        0|   0|   0|  37|    0|
    |sparsemux_15_3_24_1_1_x_U783      |sparsemux_15_3_24_1_1_x      |        0|   0|   0|  37|    0|
    |sparsemux_15_3_24_1_1_x_U784      |sparsemux_15_3_24_1_1_x      |        0|   0|   0|  37|    0|
    |sparsemux_15_3_24_1_1_x_U785      |sparsemux_15_3_24_1_1_x      |        0|   0|   0|  37|    0|
    |sparsemux_15_3_24_1_1_x_U786      |sparsemux_15_3_24_1_1_x      |        0|   0|   0|  37|    0|
    |sparsemux_15_3_24_1_1_x_U787      |sparsemux_15_3_24_1_1_x      |        0|   0|   0|  37|    0|
    |sparsemux_15_3_24_1_1_x_U788      |sparsemux_15_3_24_1_1_x      |        0|   0|   0|  37|    0|
    |sparsemux_15_3_24_1_1_x_U789      |sparsemux_15_3_24_1_1_x      |        0|   0|   0|  37|    0|
    |sparsemux_15_3_24_1_1_x_U790      |sparsemux_15_3_24_1_1_x      |        0|   0|   0|  37|    0|
    |sparsemux_15_3_24_1_1_x_U791      |sparsemux_15_3_24_1_1_x      |        0|   0|   0|  37|    0|
    |sparsemux_15_3_24_1_1_x_U792      |sparsemux_15_3_24_1_1_x      |        0|   0|   0|  37|    0|
    |sparsemux_15_3_24_1_1_x_U793      |sparsemux_15_3_24_1_1_x      |        0|   0|   0|  37|    0|
    |sparsemux_15_3_24_1_1_x_U794      |sparsemux_15_3_24_1_1_x      |        0|   0|   0|  37|    0|
    |sparsemux_15_3_24_1_1_x_U795      |sparsemux_15_3_24_1_1_x      |        0|   0|   0|  37|    0|
    |urem_5ns_4ns_3_9_1_U737           |urem_5ns_4ns_3_9_1           |        0|   0|  99|  55|    0|
    |urem_5ns_4ns_3_9_1_U738           |urem_5ns_4ns_3_9_1           |        0|   0|  99|  55|    0|
    +----------------------------------+-----------------------------+---------+----+----+----+-----+
    |Total                             |                             |        0|   1| 198|4038|    0|
    +----------------------------------+-----------------------------+---------+----+----+----+-----+

    * DSP: 
    +-------------------------------------+--------------------------------+----------------+
    |               Instance              |             Module             |   Expression   |
    +-------------------------------------+--------------------------------+----------------+
    |am_addmul_5ns_3ns_7ns_13_4_1_U797    |am_addmul_5ns_3ns_7ns_13_4_1    |  (i0 + i1) * i2|
    |am_addmul_5ns_3ns_7ns_13_4_1_U798    |am_addmul_5ns_3ns_7ns_13_4_1    |  (i0 + i1) * i2|
    |am_addmul_5ns_3ns_7ns_13_4_1_U799    |am_addmul_5ns_3ns_7ns_13_4_1    |  (i0 + i1) * i2|
    |am_addmul_5ns_3ns_7ns_13_4_1_U800    |am_addmul_5ns_3ns_7ns_13_4_1    |  (i0 + i1) * i2|
    |am_addmul_5ns_3ns_7ns_13_4_1_U801    |am_addmul_5ns_3ns_7ns_13_4_1    |  (i0 + i1) * i2|
    |am_addmul_5ns_3ns_7ns_13_4_1_U802    |am_addmul_5ns_3ns_7ns_13_4_1    |  (i0 + i1) * i2|
    |mac_muladd_24s_5ns_32s_32_4_1_U813   |mac_muladd_24s_5ns_32s_32_4_1   |    i0 + i1 * i2|
    |mac_muladd_24s_5ns_32s_32_4_1_U825   |mac_muladd_24s_5ns_32s_32_4_1   |    i0 + i1 * i2|
    |mac_muladd_24s_6ns_32s_32_4_1_U803   |mac_muladd_24s_6ns_32s_32_4_1   |    i0 + i1 * i2|
    |mac_muladd_24s_6ns_32s_32_4_1_U810   |mac_muladd_24s_6ns_32s_32_4_1   |    i0 + i1 * i2|
    |mac_muladd_24s_6ns_32s_32_4_1_U811   |mac_muladd_24s_6ns_32s_32_4_1   |    i0 + i1 * i2|
    |mac_muladd_24s_6ns_32s_32_4_1_U826   |mac_muladd_24s_6ns_32s_32_4_1   |    i0 + i1 * i2|
    |mac_muladd_24s_6s_32s_32_4_1_U812    |mac_muladd_24s_6s_32s_32_4_1    |    i0 + i1 * i2|
    |mac_muladd_24s_7ns_32ns_32_4_1_U815  |mac_muladd_24s_7ns_32ns_32_4_1  |    i0 * i1 + i2|
    |mac_muladd_24s_7ns_32ns_32_4_1_U816  |mac_muladd_24s_7ns_32ns_32_4_1  |    i0 * i1 + i2|
    |mac_muladd_24s_7ns_32ns_32_4_1_U819  |mac_muladd_24s_7ns_32ns_32_4_1  |    i0 * i1 + i2|
    |mac_muladd_24s_7ns_32ns_32_4_1_U820  |mac_muladd_24s_7ns_32ns_32_4_1  |    i0 * i1 + i2|
    |mac_muladd_24s_7ns_32ns_32_4_1_U821  |mac_muladd_24s_7ns_32ns_32_4_1  |    i0 * i1 + i2|
    |mac_muladd_24s_7s_32s_32_4_1_U822    |mac_muladd_24s_7s_32s_32_4_1    |    i0 + i1 * i2|
    |mac_muladd_24s_7s_32s_32_4_1_U824    |mac_muladd_24s_7s_32s_32_4_1    |    i0 + i1 * i2|
    |mac_muladd_24s_8ns_32ns_32_4_1_U814  |mac_muladd_24s_8ns_32ns_32_4_1  |    i0 * i1 + i2|
    |mac_muladd_24s_8ns_32ns_32_4_1_U817  |mac_muladd_24s_8ns_32ns_32_4_1  |    i0 * i1 + i2|
    |mac_muladd_24s_8ns_32ns_32_4_1_U818  |mac_muladd_24s_8ns_32ns_32_4_1  |    i0 * i1 + i2|
    |mac_muladd_24s_8s_32ns_32_4_1_U804   |mac_muladd_24s_8s_32ns_32_4_1   |    i0 * i1 + i2|
    |mac_muladd_24s_8s_32ns_32_4_1_U805   |mac_muladd_24s_8s_32ns_32_4_1   |    i0 * i1 + i2|
    |mac_muladd_24s_8s_32ns_32_4_1_U806   |mac_muladd_24s_8s_32ns_32_4_1   |    i0 * i1 + i2|
    |mac_muladd_24s_8s_32ns_32_4_1_U808   |mac_muladd_24s_8s_32ns_32_4_1   |    i0 * i1 + i2|
    |mac_muladd_24s_8s_32ns_32_4_1_U809   |mac_muladd_24s_8s_32ns_32_4_1   |    i0 * i1 + i2|
    |mac_muladd_24s_8s_32ns_32_4_1_U823   |mac_muladd_24s_8s_32ns_32_4_1   |    i0 * i1 + i2|
    |mac_muladd_24s_8s_32ns_32_4_1_U827   |mac_muladd_24s_8s_32ns_32_4_1   |    i0 * i1 + i2|
    |mac_muladd_24s_8s_32ns_32_4_1_U828   |mac_muladd_24s_8s_32ns_32_4_1   |    i0 * i1 + i2|
    |mac_muladd_24s_9s_32ns_32_4_1_U807   |mac_muladd_24s_9s_32ns_32_4_1   |    i0 * i1 + i2|
    |mac_muladd_24s_9s_32ns_32_4_1_U829   |mac_muladd_24s_9s_32ns_32_4_1   |    i0 * i1 + i2|
    +-------------------------------------+--------------------------------+----------------+

    * Memory: 
    N/A

    * FIFO: 
    N/A

    * Expression: 
    +-------------------------------+----------+----+---+-----+------------+------------+
    |         Variable Name         | Operation| DSP| FF| LUT | Bitwidth P0| Bitwidth P1|
    +-------------------------------+----------+----+---+-----+------------+------------+
    |add_ln20_1_fu_21606_p2         |         +|   0|  0|   13|          10|           1|
    |add_ln20_fu_21701_p2           |         +|   0|  0|   13|           5|           2|
    |add_ln22_7_fu_21621_p2         |         +|   0|  0|   14|           7|           1|
    |add_ln22_fu_21727_p2           |         +|   0|  0|   13|           5|           2|
    |add_ln26_1_fu_21670_p2         |         +|   0|  0|   13|           4|           1|
    |add_ln26_fu_21768_p2           |         +|   0|  0|   10|           2|           1|
    |add_ln28_3_fu_21860_p2         |         +|   0|  0|   13|           5|           2|
    |add_ln28_4_fu_21865_p2         |         +|   0|  0|   13|           5|           2|
    |add_ln28_5_fu_21870_p2         |         +|   0|  0|   13|           5|           1|
    |add_ln28_6_fu_21800_p2         |         +|   0|  0|   10|           2|           1|
    |add_ln38_3_fu_21916_p2         |         +|   0|  0|   13|           5|           2|
    |add_ln38_4_fu_21921_p2         |         +|   0|  0|   13|           5|           2|
    |add_ln38_5_fu_21926_p2         |         +|   0|  0|   13|           5|           1|
    |add_ln39_10_fu_22606_p2        |         +|   0|  0|   13|           5|           5|
    |add_ln39_11_fu_22665_p2        |         +|   0|  0|   13|           5|           5|
    |add_ln39_12_fu_22724_p2        |         +|   0|  0|   13|           5|           5|
    |add_ln39_13_fu_22783_p2        |         +|   0|  0|   13|           5|           5|
    |add_ln39_14_fu_22842_p2        |         +|   0|  0|   13|           5|           5|
    |add_ln39_15_fu_22901_p2        |         +|   0|  0|   13|           5|           5|
    |add_ln39_16_fu_22970_p2        |         +|   0|  0|   13|           5|           5|
    |add_ln39_17_fu_22976_p2        |         +|   0|  0|   13|           5|           5|
    |add_ln39_18_fu_23035_p2        |         +|   0|  0|   13|           5|           5|
    |add_ln39_19_fu_23094_p2        |         +|   0|  0|   13|           5|           5|
    |add_ln39_1_fu_22077_p2         |         +|   0|  0|   13|           5|           5|
    |add_ln39_20_fu_23153_p2        |         +|   0|  0|   13|           5|           5|
    |add_ln39_21_fu_23212_p2        |         +|   0|  0|   13|           5|           5|
    |add_ln39_22_fu_23271_p2        |         +|   0|  0|   13|           5|           5|
    |add_ln39_23_fu_23330_p2        |         +|   0|  0|   13|           5|           5|
    |add_ln39_24_fu_23399_p2        |         +|   0|  0|   13|           5|           5|
    |add_ln39_25_fu_23405_p2        |         +|   0|  0|   13|           5|           5|
    |add_ln39_26_fu_23464_p2        |         +|   0|  0|   13|           5|           5|
    |add_ln39_27_fu_23523_p2        |         +|   0|  0|   13|           5|           5|
    |add_ln39_28_fu_23582_p2        |         +|   0|  0|   13|           5|           5|
    |add_ln39_29_fu_23641_p2        |         +|   0|  0|   13|           5|           5|
    |add_ln39_2_fu_22138_p2         |         +|   0|  0|   13|           5|           5|
    |add_ln39_30_fu_23700_p2        |         +|   0|  0|   13|           5|           5|
    |add_ln39_31_fu_23759_p2        |         +|   0|  0|   13|           5|           5|
    |add_ln39_32_fu_23839_p2        |         +|   0|  0|   13|           5|           5|
    |add_ln39_33_fu_23845_p2        |         +|   0|  0|   13|           5|           5|
    |add_ln39_34_fu_23904_p2        |         +|   0|  0|   13|           5|           5|
    |add_ln39_35_fu_23963_p2        |         +|   0|  0|   13|           5|           5|
    |add_ln39_36_fu_24022_p2        |         +|   0|  0|   13|           5|           5|
    |add_ln39_37_fu_24081_p2        |         +|   0|  0|   13|           5|           5|
    |add_ln39_38_fu_24140_p2        |         +|   0|  0|   13|           5|           5|
    |add_ln39_39_fu_24199_p2        |         +|   0|  0|   13|           5|           5|
    |add_ln39_3_fu_22199_p2         |         +|   0|  0|   13|           5|           5|
    |add_ln39_40_fu_24279_p2        |         +|   0|  0|   13|           5|           5|
    |add_ln39_41_fu_24285_p2        |         +|   0|  0|   13|           5|           5|
    |add_ln39_42_fu_24344_p2        |         +|   0|  0|   13|           5|           5|
    |add_ln39_43_fu_24403_p2        |         +|   0|  0|   13|           5|           5|
    |add_ln39_44_fu_24462_p2        |         +|   0|  0|   13|           5|           5|
    |add_ln39_45_fu_24521_p2        |         +|   0|  0|   13|           5|           5|
    |add_ln39_46_fu_24580_p2        |         +|   0|  0|   13|           5|           5|
    |add_ln39_47_fu_24639_p2        |         +|   0|  0|   13|           5|           5|
    |add_ln39_48_fu_24719_p2        |         +|   0|  0|   13|           5|           5|
    |add_ln39_49_fu_24725_p2        |         +|   0|  0|   13|           5|           5|
    |add_ln39_4_fu_22260_p2         |         +|   0|  0|   13|           5|           5|
    |add_ln39_50_fu_24784_p2        |         +|   0|  0|   13|           5|           5|
    |add_ln39_51_fu_24843_p2        |         +|   0|  0|   13|           5|           5|
    |add_ln39_52_fu_24902_p2        |         +|   0|  0|   13|           5|           5|
    |add_ln39_53_fu_24961_p2        |         +|   0|  0|   13|           5|           5|
    |add_ln39_54_fu_25020_p2        |         +|   0|  0|   13|           5|           5|
    |add_ln39_55_fu_25079_p2        |         +|   0|  0|   13|           5|           5|
    |add_ln39_5_fu_22331_p2         |         +|   0|  0|   13|           5|           5|
    |add_ln39_6_fu_22402_p2         |         +|   0|  0|   13|           5|           5|
    |add_ln39_7_fu_22473_p2         |         +|   0|  0|   13|           5|           5|
    |add_ln39_8_fu_22541_p2         |         +|   0|  0|   13|           5|           5|
    |add_ln39_9_fu_22547_p2         |         +|   0|  0|   13|           5|           5|
    |add_ln39_fu_21906_p2           |         +|   0|  0|   13|           5|           5|
    |add_ln40_12_fu_27345_p2        |         +|   0|  0|   38|          31|          31|
    |add_ln40_13_fu_27364_p2        |         +|   0|  0|   39|          32|          32|
    |add_ln40_14_fu_27426_p2        |         +|   0|  0|   39|          32|          32|
    |add_ln40_15_fu_27476_p2        |         +|   0|  0|   39|          32|          32|
    |add_ln40_17_fu_27541_p2        |         +|   0|  0|   39|          32|          32|
    |add_ln40_1_fu_26920_p2         |         +|   0|  0|   39|          32|          32|
    |add_ln40_20_fu_27637_p2        |         +|   0|  0|   39|          32|          32|
    |add_ln40_22_fu_27692_p2        |         +|   0|  0|   39|          32|          32|
    |add_ln40_25_fu_27781_p2        |         +|   0|  0|   32|          32|          32|
    |add_ln40_27_fu_27848_p2        |         +|   0|  0|   39|          32|          32|
    |add_ln40_28_fu_27911_p2        |         +|   0|  0|   39|          32|          32|
    |add_ln40_29_fu_27967_p2        |         +|   0|  0|   39|          32|          32|
    |add_ln40_2_fu_26983_p2         |         +|   0|  0|   39|          32|          32|
    |add_ln40_34_fu_28103_p2        |         +|   0|  0|   39|          32|          32|
    |add_ln40_37_fu_28188_p2        |         +|   0|  0|   39|          32|          32|
    |add_ln40_41_fu_28304_p2        |         +|   0|  0|   39|          32|          32|
    |add_ln40_48_fu_27775_p2        |         +|   0|  0|   32|          32|          32|
    |add_ln40_5_fu_27069_p2         |         +|   0|  0|   32|          32|          32|
    |add_ln40_6_fu_27106_p2         |         +|   0|  0|   39|          32|          32|
    |add_ln40_7_fu_27160_p2         |         +|   0|  0|   39|          32|          32|
    |add_ln40_8_fu_27218_p2         |         +|   0|  0|   39|          32|          32|
    |add_ln40_fu_26893_p2           |         +|   0|  0|   39|          32|          32|
    |add_ln7_2_fu_28610_p2          |         +|   0|  0|   39|          32|           7|
    |add_ln7_3_fu_28648_p2          |         +|   0|  0|   71|          64|          64|
    |add_ln7_4_fu_28708_p2          |         +|   0|  0|   11|          11|          11|
    |add_ln7_fu_28509_p2            |         +|   0|  0|   39|          32|           7|
    |empty_57_fu_21843_p2           |         +|   0|  0|   13|           5|           5|
    |empty_fu_21829_p2              |         +|   0|  0|   13|           5|           5|
    |x_fu_28434_p2                  |         +|   0|  0|   31|          24|           3|
    |sub_ln40_10_fu_27627_p2        |         -|   0|  0|   38|          31|          31|
    |sub_ln40_11_fu_27875_p2        |         -|   0|  0|   28|           1|          28|
    |sub_ln40_12_fu_27892_p2        |         -|   0|  0|   28|          28|          28|
    |sub_ln40_13_fu_27957_p2        |         -|   0|  0|   37|          30|          30|
    |sub_ln40_14_fu_28093_p2        |         -|   0|  0|   38|          31|          31|
    |sub_ln40_15_fu_28178_p2        |         -|   0|  0|   34|           1|          27|
    |sub_ln40_16_fu_28294_p2        |         -|   0|  0|   37|          30|          30|
    |sub_ln40_17_fu_27466_p2        |         -|   0|  0|   37|          30|          30|
    |sub_ln40_18_fu_27838_p2        |         -|   0|  0|   36|          29|          29|
    |sub_ln40_1_fu_26964_p2         |         -|   0|  0|   30|          30|          30|
    |sub_ln40_2_fu_27063_p2         |         -|   0|  0|   32|          32|          32|
    |sub_ln40_3_fu_27144_p2         |         -|   0|  0|   28|           1|          28|
    |sub_ln40_4_fu_27150_p2         |         -|   0|  0|   28|          28|          28|
    |sub_ln40_5_fu_27208_p2         |         -|   0|  0|   36|          29|          29|
    |sub_ln40_6_fu_27307_p2         |         -|   0|  0|   39|          32|          32|
    |sub_ln40_7_fu_27399_p2         |         -|   0|  0|   31|           1|          31|
    |sub_ln40_8_fu_27416_p2         |         -|   0|  0|   31|          31|          31|
    |sub_ln40_9_fu_27531_p2         |         -|   0|  0|   38|           1|          31|
    |sub_ln40_fu_26947_p2           |         -|   0|  0|   30|           1|          30|
    |sub_ln7_1_fu_28493_p2          |         -|   0|  0|   39|           5|          32|
    |sub_ln7_2_fu_28625_p2          |         -|   0|  0|   39|           6|          32|
    |sub_ln7_3_fu_28703_p2          |         -|   0|  0|   11|           5|          11|
    |sub_ln7_5_fu_28503_p2          |         -|   0|  0|   13|           4|           5|
    |sub_ln7_fu_28448_p2            |         -|   0|  0|   31|           2|          24|
    |and_ln20_1_fu_21659_p2         |       and|   0|  0|    2|           1|           1|
    |and_ln20_fu_21750_p2           |       and|   0|  0|    2|           1|           1|
    |and_ln22_fu_21755_p2           |       and|   0|  0|    2|           1|           1|
    |and_ln7_1_fu_28581_p2          |       and|   0|  0|    2|           1|           1|
    |and_ln7_2_fu_28747_p2          |       and|   0|  0|    2|           1|           1|
    |and_ln7_4_fu_28539_p2          |       and|   0|  0|   24|          24|          24|
    |and_ln7_fu_28550_p2            |       and|   0|  0|    2|           1|           1|
    |ap_condition_frp_pvb_pf_start  |       and|   0|  0|    2|           1|           1|
    |pf_all_done                    |       and|   0|  0|    2|           1|           0|
    |icmp_ln20_fu_21600_p2          |      icmp|   0|  0|   13|          10|           9|
    |icmp_ln22_fu_21615_p2          |      icmp|   0|  0|   14|           7|           6|
    |icmp_ln26_fu_21653_p2          |      icmp|   0|  0|   13|           4|           3|
    |icmp_ln28_fu_21714_p2          |      icmp|   0|  0|   11|           2|           3|
    |icmp_ln7_3_fu_28544_p2         |      icmp|   0|  0|   31|          24|           1|
    |icmp_ln7_5_fu_28604_p2         |      icmp|   0|  0|   39|          32|           1|
    |icmp_ln7_6_fu_28524_p2         |      icmp|   0|  0|   38|          31|           1|
    |icmp_ln7_7_fu_28733_p2         |      icmp|   0|  0|   12|          11|           2|
    |icmp_ln7_8_fu_28682_p2         |      icmp|   0|  0|   59|          52|           1|
    |icmp_ln7_fu_28688_p2           |      icmp|   0|  0|   31|          24|           1|
    |lshr_ln7_2_fu_28533_p2         |      lshr|   0|  0|   67|           2|          24|
    |lshr_ln7_fu_28619_p2           |      lshr|   0|  0|  182|          64|          64|
    |or_ln22_2_fu_21745_p2          |        or|   0|  0|    2|           1|           1|
    |or_ln22_fu_21665_p2            |        or|   0|  0|    2|           1|           1|
    |or_ln26_2_fu_21779_p2          |        or|   0|  0|    2|           1|           1|
    |or_ln26_fu_21774_p2            |        or|   0|  0|    2|           1|           1|
    |or_ln7_1_fu_28587_p2           |        or|   0|  0|    2|           1|           1|
    |or_ln7_2_fu_28743_p2           |        or|   0|  0|    2|           1|           1|
    |select_ln20_2_fu_21720_p3      |    select|   0|  0|    5|           1|           5|
    |select_ln20_fu_21707_p3        |    select|   0|  0|    5|           1|           1|
    |select_ln22_11_fu_21761_p3     |    select|   0|  0|    5|           1|           5|
    |select_ln22_12_fu_21627_p3     |    select|   0|  0|    7|           1|           1|
    |select_ln22_fu_21733_p3        |    select|   0|  0|    2|           1|           1|
    |select_ln26_1_fu_21792_p3      |    select|   0|  0|    2|           1|           2|
    |select_ln26_2_fu_21676_p3      |    select|   0|  0|    4|           1|           1|
    |select_ln26_fu_21784_p3        |    select|   0|  0|    2|           1|           1|
    |select_ln7_1_fu_28640_p3       |    select|   0|  0|   64|           1|          64|
    |select_ln7_2_fu_28753_p3       |    select|   0|  0|   24|           1|          24|
    |select_ln7_4_fu_28760_p3       |    select|   0|  0|   24|           1|           1|
    |select_ln7_5_fu_28696_p3       |    select|   0|  0|   10|           1|          10|
    |select_ln7_fu_28454_p3         |    select|   0|  0|   24|           1|          24|
    |shl_ln7_fu_28634_p2            |       shl|   0|  0|  182|          64|          64|
    |ap_enable_pp0                  |       xor|   0|  0|    2|           1|           2|
    |xor_ln20_fu_21648_p2           |       xor|   0|  0|    2|           1|           2|
    |xor_ln22_fu_21740_p2           |       xor|   0|  0|    2|           1|           2|
    |xor_ln7_fu_28564_p2            |       xor|   0|  0|    2|           1|           2|
    +-------------------------------+----------+----+---+-----+------------+------------+
    |Total                          |          |   0|  0| 3644|        2022|        2139|
    +-------------------------------+----------+----+---+-----+------------+------------+

    * Multiplexer: 
    +----------------------------------------+-----+-----------+-----+-----------+
    |                  Name                  | LUT | Input Size| Bits| Total Bits|
    +----------------------------------------+-----+-----------+-----+-----------+
    |ap_sig_allocacmp_indvar_flatten11_load  |    9|          2|    7|         14|
    |ap_sig_allocacmp_indvar_flatten31_load  |    9|          2|   10|         20|
    |c_fu_366                                |    9|          2|    5|         10|
    |indvar_flatten11_fu_370                 |    9|          2|    7|         14|
    |indvar_flatten31_fu_378                 |    9|          2|   10|         20|
    |indvar_flatten_fu_362                   |    9|          2|    4|          8|
    |pad_img_0_0_address0                    |  217|         50|    5|        250|
    |pad_img_0_1_address0                    |  217|         50|    5|        250|
    |pad_img_0_2_address0                    |  217|         50|    5|        250|
    |pad_img_0_3_address0                    |  217|         50|    5|        250|
    |pad_img_0_4_address0                    |  217|         50|    5|        250|
    |pad_img_0_5_address0                    |  217|         50|    5|        250|
    |pad_img_0_6_address0                    |  217|         50|    5|        250|
    |pad_img_1_0_address0                    |  217|         50|    5|        250|
    |pad_img_1_1_address0                    |  217|         50|    5|        250|
    |pad_img_1_2_address0                    |  217|         50|    5|        250|
    |pad_img_1_3_address0                    |  217|         50|    5|        250|
    |pad_img_1_4_address0                    |  217|         50|    5|        250|
    |pad_img_1_5_address0                    |  217|         50|    5|        250|
    |pad_img_1_6_address0                    |  217|         50|    5|        250|
    |pad_img_2_0_address0                    |  217|         50|    5|        250|
    |pad_img_2_1_address0                    |  217|         50|    5|        250|
    |pad_img_2_2_address0                    |  217|         50|    5|        250|
    |pad_img_2_3_address0                    |  217|         50|    5|        250|
    |pad_img_2_4_address0                    |  217|         50|    5|        250|
    |pad_img_2_5_address0                    |  217|         50|    5|        250|
    |pad_img_2_6_address0                    |  217|         50|    5|        250|
    |pad_img_3_0_address0                    |  217|         50|    5|        250|
    |pad_img_3_1_address0                    |  217|         50|    5|        250|
    |pad_img_3_2_address0                    |  217|         50|    5|        250|
    |pad_img_3_3_address0                    |  217|         50|    5|        250|
    |pad_img_3_4_address0                    |  217|         50|    5|        250|
    |pad_img_3_5_address0                    |  217|         50|    5|        250|
    |pad_img_3_6_address0                    |  217|         50|    5|        250|
    |pad_img_4_0_address0                    |  217|         50|    5|        250|
    |pad_img_4_1_address0                    |  217|         50|    5|        250|
    |pad_img_4_2_address0                    |  217|         50|    5|        250|
    |pad_img_4_3_address0                    |  217|         50|    5|        250|
    |pad_img_4_4_address0                    |  217|         50|    5|        250|
    |pad_img_4_5_address0                    |  217|         50|    5|        250|
    |pad_img_4_6_address0                    |  217|         50|    5|        250|
    |pad_img_5_0_address0                    |  217|         50|    5|        250|
    |pad_img_5_1_address0                    |  217|         50|    5|        250|
    |pad_img_5_2_address0                    |  217|         50|    5|        250|
    |pad_img_5_3_address0                    |  217|         50|    5|        250|
    |pad_img_5_4_address0                    |  217|         50|    5|        250|
    |pad_img_5_5_address0                    |  217|         50|    5|        250|
    |pad_img_5_6_address0                    |  217|         50|    5|        250|
    |pad_img_6_0_address0                    |  217|         50|    5|        250|
    |pad_img_6_1_address0                    |  217|         50|    5|        250|
    |pad_img_6_2_address0                    |  217|         50|    5|        250|
    |pad_img_6_3_address0                    |  217|         50|    5|        250|
    |pad_img_6_4_address0                    |  217|         50|    5|        250|
    |pad_img_6_5_address0                    |  217|         50|    5|        250|
    |pad_img_6_6_address0                    |  217|         50|    5|        250|
    |pc_fu_354                               |    9|          2|    2|          4|
    |pr_fu_358                               |    9|          2|    2|          4|
    |r_fu_374                                |    9|          2|    5|         10|
    +----------------------------------------+-----+-----------+-----+-----------+
    |Total                                   |10714|       2468|  297|      12354|
    +----------------------------------------+-----+-----------+-----+-----------+

    * Register: 
    +-------------------------------------+----+----+-----+-----------+
    |                 Name                | FF | LUT| Bits| Const Bits|
    +-------------------------------------+----+----+-----+-----------+
    |LD_reg_42014                         |  64|   0|   64|          0|
    |add_ln39_reg_29188                   |   5|   0|    5|          0|
    |add_ln40_12_reg_41687                |  28|   0|   31|          3|
    |and_ln20_1_reg_29137                 |   1|   0|    1|          0|
    |ap_CS_fsm                            |   1|   0|    1|          0|
    |ap_loop_exit_ready_pp0_iter10_reg    |   1|   0|    1|          0|
    |ap_loop_exit_ready_pp0_iter11_reg    |   1|   0|    1|          0|
    |ap_loop_exit_ready_pp0_iter12_reg    |   1|   0|    1|          0|
    |ap_loop_exit_ready_pp0_iter13_reg    |   1|   0|    1|          0|
    |ap_loop_exit_ready_pp0_iter14_reg    |   1|   0|    1|          0|
    |ap_loop_exit_ready_pp0_iter15_reg    |   1|   0|    1|          0|
    |ap_loop_exit_ready_pp0_iter16_reg    |   1|   0|    1|          0|
    |ap_loop_exit_ready_pp0_iter17_reg    |   1|   0|    1|          0|
    |ap_loop_exit_ready_pp0_iter18_reg    |   1|   0|    1|          0|
    |ap_loop_exit_ready_pp0_iter19_reg    |   1|   0|    1|          0|
    |ap_loop_exit_ready_pp0_iter1_reg     |   1|   0|    1|          0|
    |ap_loop_exit_ready_pp0_iter20_reg    |   1|   0|    1|          0|
    |ap_loop_exit_ready_pp0_iter21_reg    |   1|   0|    1|          0|
    |ap_loop_exit_ready_pp0_iter22_reg    |   1|   0|    1|          0|
    |ap_loop_exit_ready_pp0_iter23_reg    |   1|   0|    1|          0|
    |ap_loop_exit_ready_pp0_iter24_reg    |   1|   0|    1|          0|
    |ap_loop_exit_ready_pp0_iter25_reg    |   1|   0|    1|          0|
    |ap_loop_exit_ready_pp0_iter26_reg    |   1|   0|    1|          0|
    |ap_loop_exit_ready_pp0_iter27_reg    |   1|   0|    1|          0|
    |ap_loop_exit_ready_pp0_iter28_reg    |   1|   0|    1|          0|
    |ap_loop_exit_ready_pp0_iter29_reg    |   1|   0|    1|          0|
    |ap_loop_exit_ready_pp0_iter2_reg     |   1|   0|    1|          0|
    |ap_loop_exit_ready_pp0_iter30_reg    |   1|   0|    1|          0|
    |ap_loop_exit_ready_pp0_iter31_reg    |   1|   0|    1|          0|
    |ap_loop_exit_ready_pp0_iter32_reg    |   1|   0|    1|          0|
    |ap_loop_exit_ready_pp0_iter33_reg    |   1|   0|    1|          0|
    |ap_loop_exit_ready_pp0_iter34_reg    |   1|   0|    1|          0|
    |ap_loop_exit_ready_pp0_iter35_reg    |   1|   0|    1|          0|
    |ap_loop_exit_ready_pp0_iter36_reg    |   1|   0|    1|          0|
    |ap_loop_exit_ready_pp0_iter37_reg    |   1|   0|    1|          0|
    |ap_loop_exit_ready_pp0_iter38_reg    |   1|   0|    1|          0|
    |ap_loop_exit_ready_pp0_iter39_reg    |   1|   0|    1|          0|
    |ap_loop_exit_ready_pp0_iter3_reg     |   1|   0|    1|          0|
    |ap_loop_exit_ready_pp0_iter40_reg    |   1|   0|    1|          0|
    |ap_loop_exit_ready_pp0_iter41_reg    |   1|   0|    1|          0|
    |ap_loop_exit_ready_pp0_iter42_reg    |   1|   0|    1|          0|
    |ap_loop_exit_ready_pp0_iter43_reg    |   1|   0|    1|          0|
    |ap_loop_exit_ready_pp0_iter44_reg    |   1|   0|    1|          0|
    |ap_loop_exit_ready_pp0_iter45_reg    |   1|   0|    1|          0|
    |ap_loop_exit_ready_pp0_iter46_reg    |   1|   0|    1|          0|
    |ap_loop_exit_ready_pp0_iter47_reg    |   1|   0|    1|          0|
    |ap_loop_exit_ready_pp0_iter48_reg    |   1|   0|    1|          0|
    |ap_loop_exit_ready_pp0_iter49_reg    |   1|   0|    1|          0|
    |ap_loop_exit_ready_pp0_iter4_reg     |   1|   0|    1|          0|
    |ap_loop_exit_ready_pp0_iter50_reg    |   1|   0|    1|          0|
    |ap_loop_exit_ready_pp0_iter51_reg    |   1|   0|    1|          0|
    |ap_loop_exit_ready_pp0_iter52_reg    |   1|   0|    1|          0|
    |ap_loop_exit_ready_pp0_iter53_reg    |   1|   0|    1|          0|
    |ap_loop_exit_ready_pp0_iter54_reg    |   1|   0|    1|          0|
    |ap_loop_exit_ready_pp0_iter55_reg    |   1|   0|    1|          0|
    |ap_loop_exit_ready_pp0_iter5_reg     |   1|   0|    1|          0|
    |ap_loop_exit_ready_pp0_iter6_reg     |   1|   0|    1|          0|
    |ap_loop_exit_ready_pp0_iter7_reg     |   1|   0|    1|          0|
    |ap_loop_exit_ready_pp0_iter8_reg     |   1|   0|    1|          0|
    |ap_loop_exit_ready_pp0_iter9_reg     |   1|   0|    1|          0|
    |c_fu_366                             |   5|   0|    5|          0|
    |empty_57_reg_29178                   |   5|   0|    5|          0|
    |empty_reg_29168                      |   5|   0|    5|          0|
    |icmp_ln22_reg_29117                  |   1|   0|    1|          0|
    |icmp_ln22_reg_29117_pp0_iter1_reg    |   1|   0|    1|          0|
    |icmp_ln26_reg_29132                  |   1|   0|    1|          0|
    |icmp_ln7_5_reg_41979                 |   1|   0|    1|          0|
    |icmp_ln7_7_reg_42019                 |   1|   0|    1|          0|
    |icmp_ln7_7_reg_42019_pp0_iter54_reg  |   1|   0|    1|          0|
    |icmp_ln7_8_reg_42004                 |   1|   0|    1|          0|
    |icmp_ln7_reg_42009                   |   1|   0|    1|          0|
    |icmp_ln7_reg_42009_pp0_iter54_reg    |   1|   0|    1|          0|
    |indvar_flatten11_fu_370              |   7|   0|    7|          0|
    |indvar_flatten31_fu_378              |  10|   0|   10|          0|
    |indvar_flatten_fu_362                |   4|   0|    4|          0|
    |lshr_ln7_1_reg_41994                 |  63|   0|   63|          0|
    |lshr_ln7_reg_41984                   |  64|   0|   64|          0|
    |or_ln22_reg_29143                    |   1|   0|    1|          0|
    |or_ln7_reg_41974                     |   1|   0|    2|          1|
    |pc_fu_354                            |   2|   0|    2|          0|
    |pf_all_done                          |   1|   0|    1|          0|
    |pixel_1_reg_41353                    |  24|   0|   24|          0|
    |pixel_1_reg_41353_pp0_iter14_reg     |  24|   0|   24|          0|
    |pixel_2_reg_41358                    |  24|   0|   24|          0|
    |pixel_2_reg_41358_pp0_iter14_reg     |  24|   0|   24|          0|
    |pixel_3_reg_41363                    |  24|   0|   24|          0|
    |pixel_3_reg_41363_pp0_iter14_reg     |  24|   0|   24|          0|
    |pixel_49_reg_41402                   |  24|   0|   24|          0|
    |pixel_4_reg_41369                    |  24|   0|   24|          0|
    |pixel_50_reg_41407                   |  24|   0|   24|          0|
    |pixel_51_reg_41412                   |  24|   0|   24|          0|
    |pixel_52_reg_41417                   |  24|   0|   24|          0|
    |pixel_53_reg_41422                   |  24|   0|   24|          0|
    |pixel_54_reg_41428                   |  24|   0|   24|          0|
    |pixel_55_reg_41434                   |  24|   0|   24|          0|
    |pixel_56_reg_41440                   |  24|   0|   24|          0|
    |pixel_57_reg_41445                   |  24|   0|   24|          0|
    |pixel_58_reg_41450                   |  24|   0|   24|          0|
    |pixel_59_reg_41455                   |  24|   0|   24|          0|
    |pixel_5_reg_41374                    |  24|   0|   24|          0|
    |pixel_5_reg_41374_pp0_iter14_reg     |  24|   0|   24|          0|
    |pixel_60_reg_41460                   |  24|   0|   24|          0|
    |pixel_61_reg_41466                   |  24|   0|   24|          0|
    |pixel_62_reg_41471                   |  24|   0|   24|          0|
    |pixel_63_reg_41476                   |  24|   0|   24|          0|
    |pixel_64_reg_41481                   |  24|   0|   24|          0|
    |pixel_65_reg_41486                   |  24|   0|   24|          0|
    |pixel_66_reg_41492                   |  24|   0|   24|          0|
    |pixel_67_reg_41497                   |  24|   0|   24|          0|
    |pixel_68_reg_41503                   |  24|   0|   24|          0|
    |pixel_69_reg_41509                   |  24|   0|   24|          0|
    |pixel_6_reg_41379                    |  24|   0|   24|          0|
    |pixel_70_reg_41515                   |  24|   0|   24|          0|
    |pixel_71_reg_41520                   |  24|   0|   24|          0|
    |pixel_72_reg_41525                   |  24|   0|   24|          0|
    |pixel_73_reg_41530                   |  24|   0|   24|          0|
    |pixel_74_reg_41535                   |  24|   0|   24|          0|
    |pixel_75_reg_41541                   |  24|   0|   24|          0|
    |pixel_76_reg_41546                   |  24|   0|   24|          0|
    |pixel_77_reg_41551                   |  24|   0|   24|          0|
    |pixel_78_reg_41556                   |  24|   0|   24|          0|
    |pixel_79_reg_41561                   |  24|   0|   24|          0|
    |pixel_7_reg_41385                    |  24|   0|   24|          0|
    |pixel_80_reg_41566                   |  24|   0|   24|          0|
    |pixel_81_reg_41571                   |  24|   0|   24|          0|
    |pixel_82_reg_41577                   |  24|   0|   24|          0|
    |pixel_83_reg_41582                   |  24|   0|   24|          0|
    |pixel_84_reg_41587                   |  24|   0|   24|          0|
    |pixel_85_reg_41592                   |  24|   0|   24|          0|
    |pixel_86_reg_41597                   |  24|   0|   24|          0|
    |pixel_87_reg_41602                   |  24|   0|   24|          0|
    |pixel_8_reg_41390                    |  24|   0|   24|          0|
    |pixel_9_reg_41396                    |  24|   0|   24|          0|
    |pixel_reg_41348                      |  24|   0|   24|          0|
    |pr_fu_358                            |   2|   0|    2|          0|
    |r_fu_374                             |   5|   0|    5|          0|
    |select_ln20_2_reg_29148              |   5|   0|    5|          0|
    |select_ln22_11_reg_29153             |   5|   0|    5|          0|
    |select_ln26_1_reg_29163              |   2|   0|    2|          0|
    |select_ln26_reg_29158                |   2|   0|    2|          0|
    |select_ln7_4_reg_42029               |  24|   0|   24|          0|
    |select_ln7_reg_41950                 |  24|   0|   24|          0|
    |shl_ln7_reg_41989                    |  64|   0|   64|          0|
    |sub_ln40_12_reg_41782                |  27|   0|   28|          1|
    |sub_ln40_1_reg_41622                 |  28|   0|   30|          2|
    |sub_ln7_1_reg_41962                  |  32|   0|   32|          0|
    |sub_ln7_5_reg_41969                  |   5|   0|    5|          0|
    |sub_ln7_reg_41945                    |  24|   0|   24|          0|
    |tmp_2144_reg_41607                   |  24|   0|   24|          0|
    |tmp_2146_reg_41617                   |  24|   0|   24|          0|
    |tmp_2150_reg_41642                   |  24|   0|   24|          0|
    |tmp_2154_reg_41652                   |  24|   0|   24|          0|
    |tmp_2159_reg_41682                   |  24|   0|   24|          0|
    |tmp_2163_reg_41697                   |  24|   0|   24|          0|
    |tmp_2176_reg_41762                   |  24|   0|   24|          0|
    |tmp_2180_reg_41777                   |  24|   0|   24|          0|
    |tmp_348_reg_29252                    |   3|   0|    3|          0|
    |tmp_349_reg_29310                    |   3|   0|    3|          0|
    |tmp_350_reg_29315                    |   3|   0|    3|          0|
    |tmp_351_reg_29320                    |   3|   0|    3|          0|
    |tmp_352_reg_29325                    |   3|   0|    3|          0|
    |tmp_353_reg_29331                    |   3|   0|    3|          0|
    |tmp_354_reg_29337                    |   3|   0|    3|          0|
    |tmp_355_reg_41939                    |   1|   0|    1|          0|
    |tmp_358_reg_41999                    |   1|   0|    1|          0|
    |trunc_ln28_reg_29199                 |   3|   0|    3|          0|
    |trunc_ln28_reg_29199_pp0_iter12_reg  |   3|   0|    3|          0|
    |trunc_ln39_reg_29257                 |   3|   0|    3|          0|
    |trunc_ln39_reg_29257_pp0_iter12_reg  |   3|   0|    3|          0|
    |trunc_ln7_reg_41957                  |  11|   0|   11|          0|
    |x_reg_41932                          |  24|   0|   24|          0|
    |xor_ln20_reg_29127                   |   1|   0|    1|          0|
    |empty_57_reg_29178                   |  64|  32|    5|          0|
    |empty_reg_29168                      |  64|  32|    5|          0|
    |icmp_ln7_8_reg_42004                 |  64|  32|    1|          0|
    |pixel_49_reg_41402                   |  64|  32|   24|          0|
    |pixel_50_reg_41407                   |  64|  32|   24|          0|
    |pixel_51_reg_41412                   |  64|  32|   24|          0|
    |pixel_52_reg_41417                   |  64|  32|   24|          0|
    |pixel_53_reg_41422                   |  64|  32|   24|          0|
    |pixel_54_reg_41428                   |  64|  32|   24|          0|
    |pixel_55_reg_41434                   |  64|  32|   24|          0|
    |pixel_56_reg_41440                   |  64|  32|   24|          0|
    |pixel_57_reg_41445                   |  64|  32|   24|          0|
    |pixel_58_reg_41450                   |  64|  32|   24|          0|
    |pixel_59_reg_41455                   |  64|  32|   24|          0|
    |pixel_60_reg_41460                   |  64|  32|   24|          0|
    |pixel_61_reg_41466                   |  64|  32|   24|          0|
    |pixel_62_reg_41471                   |  64|  32|   24|          0|
    |pixel_63_reg_41476                   |  64|  32|   24|          0|
    |pixel_64_reg_41481                   |  64|  32|   24|          0|
    |pixel_65_reg_41486                   |  64|  32|   24|          0|
    |pixel_66_reg_41492                   |  64|  32|   24|          0|
    |pixel_67_reg_41497                   |  64|  32|   24|          0|
    |pixel_68_reg_41503                   |  64|  32|   24|          0|
    |pixel_69_reg_41509                   |  64|  32|   24|          0|
    |pixel_6_reg_41379                    |  64|  32|   24|          0|
    |pixel_70_reg_41515                   |  64|  32|   24|          0|
    |pixel_71_reg_41520                   |  64|  32|   24|          0|
    |pixel_72_reg_41525                   |  64|  32|   24|          0|
    |pixel_73_reg_41530                   |  64|  32|   24|          0|
    |pixel_74_reg_41535                   |  64|  32|   24|          0|
    |pixel_75_reg_41541                   |  64|  32|   24|          0|
    |pixel_76_reg_41546                   |  64|  32|   24|          0|
    |pixel_77_reg_41551                   |  64|  32|   24|          0|
    |pixel_78_reg_41556                   |  64|  32|   24|          0|
    |pixel_79_reg_41561                   |  64|  32|   24|          0|
    |pixel_7_reg_41385                    |  64|  32|   24|          0|
    |pixel_80_reg_41566                   |  64|  32|   24|          0|
    |pixel_81_reg_41571                   |  64|  32|   24|          0|
    |pixel_82_reg_41577                   |  64|  32|   24|          0|
    |pixel_83_reg_41582                   |  64|  32|   24|          0|
    |pixel_84_reg_41587                   |  64|  32|   24|          0|
    |pixel_85_reg_41592                   |  64|  32|   24|          0|
    |pixel_86_reg_41597                   |  64|  32|   24|          0|
    |pixel_87_reg_41602                   |  64|  32|   24|          0|
    |pixel_8_reg_41390                    |  64|  32|   24|          0|
    |pixel_9_reg_41396                    |  64|  32|   24|          0|
    |tmp_355_reg_41939                    |  64|  32|    1|          0|
    |trunc_ln7_reg_41957                  |  64|  32|   11|          0|
    |x_reg_41932                          |  64|  32|   24|          0|
    +-------------------------------------+----+----+-----+-----------+
    |Total                                |5251|1568| 3201|          7|
    +-------------------------------------+----+----+-----+-----------+



================================================================
== Interface
================================================================
* Summary: 
+---------------------------------------+-----+-----+------------+------------------------+--------------+
|               RTL Ports               | Dir | Bits|  Protocol  |      Source Object     |    C Type    |
+---------------------------------------+-----+-----+------------+------------------------+--------------+
|ap_clk                                 |   in|    1|  ap_ctrl_hs|           convolution.2|  return value|
|ap_rst                                 |   in|    1|  ap_ctrl_hs|           convolution.2|  return value|
|ap_start                               |   in|    1|  ap_ctrl_hs|           convolution.2|  return value|
|ap_done                                |  out|    1|  ap_ctrl_hs|           convolution.2|  return value|
|ap_idle                                |  out|    1|  ap_ctrl_hs|           convolution.2|  return value|
|ap_ready                               |  out|    1|  ap_ctrl_hs|           convolution.2|  return value|
|conv_to_pool_streams_3_din             |  out|   24|     ap_fifo|  conv_to_pool_streams_3|       pointer|
|conv_to_pool_streams_3_num_data_valid  |   in|   11|     ap_fifo|  conv_to_pool_streams_3|       pointer|
|conv_to_pool_streams_3_fifo_cap        |   in|   11|     ap_fifo|  conv_to_pool_streams_3|       pointer|
|conv_to_pool_streams_3_full_n          |   in|    1|     ap_fifo|  conv_to_pool_streams_3|       pointer|
|conv_to_pool_streams_3_write           |  out|    1|     ap_fifo|  conv_to_pool_streams_3|       pointer|
|pad_img_0_0_address0                   |  out|    5|   ap_memory|             pad_img_0_0|         array|
|pad_img_0_0_ce0                        |  out|    1|   ap_memory|             pad_img_0_0|         array|
|pad_img_0_0_q0                         |   in|   24|   ap_memory|             pad_img_0_0|         array|
|pad_img_0_1_address0                   |  out|    5|   ap_memory|             pad_img_0_1|         array|
|pad_img_0_1_ce0                        |  out|    1|   ap_memory|             pad_img_0_1|         array|
|pad_img_0_1_q0                         |   in|   24|   ap_memory|             pad_img_0_1|         array|
|pad_img_0_2_address0                   |  out|    5|   ap_memory|             pad_img_0_2|         array|
|pad_img_0_2_ce0                        |  out|    1|   ap_memory|             pad_img_0_2|         array|
|pad_img_0_2_q0                         |   in|   24|   ap_memory|             pad_img_0_2|         array|
|pad_img_0_3_address0                   |  out|    5|   ap_memory|             pad_img_0_3|         array|
|pad_img_0_3_ce0                        |  out|    1|   ap_memory|             pad_img_0_3|         array|
|pad_img_0_3_q0                         |   in|   24|   ap_memory|             pad_img_0_3|         array|
|pad_img_0_4_address0                   |  out|    5|   ap_memory|             pad_img_0_4|         array|
|pad_img_0_4_ce0                        |  out|    1|   ap_memory|             pad_img_0_4|         array|
|pad_img_0_4_q0                         |   in|   24|   ap_memory|             pad_img_0_4|         array|
|pad_img_0_5_address0                   |  out|    5|   ap_memory|             pad_img_0_5|         array|
|pad_img_0_5_ce0                        |  out|    1|   ap_memory|             pad_img_0_5|         array|
|pad_img_0_5_q0                         |   in|   24|   ap_memory|             pad_img_0_5|         array|
|pad_img_0_6_address0                   |  out|    5|   ap_memory|             pad_img_0_6|         array|
|pad_img_0_6_ce0                        |  out|    1|   ap_memory|             pad_img_0_6|         array|
|pad_img_0_6_q0                         |   in|   24|   ap_memory|             pad_img_0_6|         array|
|pad_img_1_0_address0                   |  out|    5|   ap_memory|             pad_img_1_0|         array|
|pad_img_1_0_ce0                        |  out|    1|   ap_memory|             pad_img_1_0|         array|
|pad_img_1_0_q0                         |   in|   24|   ap_memory|             pad_img_1_0|         array|
|pad_img_1_1_address0                   |  out|    5|   ap_memory|             pad_img_1_1|         array|
|pad_img_1_1_ce0                        |  out|    1|   ap_memory|             pad_img_1_1|         array|
|pad_img_1_1_q0                         |   in|   24|   ap_memory|             pad_img_1_1|         array|
|pad_img_1_2_address0                   |  out|    5|   ap_memory|             pad_img_1_2|         array|
|pad_img_1_2_ce0                        |  out|    1|   ap_memory|             pad_img_1_2|         array|
|pad_img_1_2_q0                         |   in|   24|   ap_memory|             pad_img_1_2|         array|
|pad_img_1_3_address0                   |  out|    5|   ap_memory|             pad_img_1_3|         array|
|pad_img_1_3_ce0                        |  out|    1|   ap_memory|             pad_img_1_3|         array|
|pad_img_1_3_q0                         |   in|   24|   ap_memory|             pad_img_1_3|         array|
|pad_img_1_4_address0                   |  out|    5|   ap_memory|             pad_img_1_4|         array|
|pad_img_1_4_ce0                        |  out|    1|   ap_memory|             pad_img_1_4|         array|
|pad_img_1_4_q0                         |   in|   24|   ap_memory|             pad_img_1_4|         array|
|pad_img_1_5_address0                   |  out|    5|   ap_memory|             pad_img_1_5|         array|
|pad_img_1_5_ce0                        |  out|    1|   ap_memory|             pad_img_1_5|         array|
|pad_img_1_5_q0                         |   in|   24|   ap_memory|             pad_img_1_5|         array|
|pad_img_1_6_address0                   |  out|    5|   ap_memory|             pad_img_1_6|         array|
|pad_img_1_6_ce0                        |  out|    1|   ap_memory|             pad_img_1_6|         array|
|pad_img_1_6_q0                         |   in|   24|   ap_memory|             pad_img_1_6|         array|
|pad_img_2_0_address0                   |  out|    5|   ap_memory|             pad_img_2_0|         array|
|pad_img_2_0_ce0                        |  out|    1|   ap_memory|             pad_img_2_0|         array|
|pad_img_2_0_q0                         |   in|   24|   ap_memory|             pad_img_2_0|         array|
|pad_img_2_1_address0                   |  out|    5|   ap_memory|             pad_img_2_1|         array|
|pad_img_2_1_ce0                        |  out|    1|   ap_memory|             pad_img_2_1|         array|
|pad_img_2_1_q0                         |   in|   24|   ap_memory|             pad_img_2_1|         array|
|pad_img_2_2_address0                   |  out|    5|   ap_memory|             pad_img_2_2|         array|
|pad_img_2_2_ce0                        |  out|    1|   ap_memory|             pad_img_2_2|         array|
|pad_img_2_2_q0                         |   in|   24|   ap_memory|             pad_img_2_2|         array|
|pad_img_2_3_address0                   |  out|    5|   ap_memory|             pad_img_2_3|         array|
|pad_img_2_3_ce0                        |  out|    1|   ap_memory|             pad_img_2_3|         array|
|pad_img_2_3_q0                         |   in|   24|   ap_memory|             pad_img_2_3|         array|
|pad_img_2_4_address0                   |  out|    5|   ap_memory|             pad_img_2_4|         array|
|pad_img_2_4_ce0                        |  out|    1|   ap_memory|             pad_img_2_4|         array|
|pad_img_2_4_q0                         |   in|   24|   ap_memory|             pad_img_2_4|         array|
|pad_img_2_5_address0                   |  out|    5|   ap_memory|             pad_img_2_5|         array|
|pad_img_2_5_ce0                        |  out|    1|   ap_memory|             pad_img_2_5|         array|
|pad_img_2_5_q0                         |   in|   24|   ap_memory|             pad_img_2_5|         array|
|pad_img_2_6_address0                   |  out|    5|   ap_memory|             pad_img_2_6|         array|
|pad_img_2_6_ce0                        |  out|    1|   ap_memory|             pad_img_2_6|         array|
|pad_img_2_6_q0                         |   in|   24|   ap_memory|             pad_img_2_6|         array|
|pad_img_3_0_address0                   |  out|    5|   ap_memory|             pad_img_3_0|         array|
|pad_img_3_0_ce0                        |  out|    1|   ap_memory|             pad_img_3_0|         array|
|pad_img_3_0_q0                         |   in|   24|   ap_memory|             pad_img_3_0|         array|
|pad_img_3_1_address0                   |  out|    5|   ap_memory|             pad_img_3_1|         array|
|pad_img_3_1_ce0                        |  out|    1|   ap_memory|             pad_img_3_1|         array|
|pad_img_3_1_q0                         |   in|   24|   ap_memory|             pad_img_3_1|         array|
|pad_img_3_2_address0                   |  out|    5|   ap_memory|             pad_img_3_2|         array|
|pad_img_3_2_ce0                        |  out|    1|   ap_memory|             pad_img_3_2|         array|
|pad_img_3_2_q0                         |   in|   24|   ap_memory|             pad_img_3_2|         array|
|pad_img_3_3_address0                   |  out|    5|   ap_memory|             pad_img_3_3|         array|
|pad_img_3_3_ce0                        |  out|    1|   ap_memory|             pad_img_3_3|         array|
|pad_img_3_3_q0                         |   in|   24|   ap_memory|             pad_img_3_3|         array|
|pad_img_3_4_address0                   |  out|    5|   ap_memory|             pad_img_3_4|         array|
|pad_img_3_4_ce0                        |  out|    1|   ap_memory|             pad_img_3_4|         array|
|pad_img_3_4_q0                         |   in|   24|   ap_memory|             pad_img_3_4|         array|
|pad_img_3_5_address0                   |  out|    5|   ap_memory|             pad_img_3_5|         array|
|pad_img_3_5_ce0                        |  out|    1|   ap_memory|             pad_img_3_5|         array|
|pad_img_3_5_q0                         |   in|   24|   ap_memory|             pad_img_3_5|         array|
|pad_img_3_6_address0                   |  out|    5|   ap_memory|             pad_img_3_6|         array|
|pad_img_3_6_ce0                        |  out|    1|   ap_memory|             pad_img_3_6|         array|
|pad_img_3_6_q0                         |   in|   24|   ap_memory|             pad_img_3_6|         array|
|pad_img_4_0_address0                   |  out|    5|   ap_memory|             pad_img_4_0|         array|
|pad_img_4_0_ce0                        |  out|    1|   ap_memory|             pad_img_4_0|         array|
|pad_img_4_0_q0                         |   in|   24|   ap_memory|             pad_img_4_0|         array|
|pad_img_4_1_address0                   |  out|    5|   ap_memory|             pad_img_4_1|         array|
|pad_img_4_1_ce0                        |  out|    1|   ap_memory|             pad_img_4_1|         array|
|pad_img_4_1_q0                         |   in|   24|   ap_memory|             pad_img_4_1|         array|
|pad_img_4_2_address0                   |  out|    5|   ap_memory|             pad_img_4_2|         array|
|pad_img_4_2_ce0                        |  out|    1|   ap_memory|             pad_img_4_2|         array|
|pad_img_4_2_q0                         |   in|   24|   ap_memory|             pad_img_4_2|         array|
|pad_img_4_3_address0                   |  out|    5|   ap_memory|             pad_img_4_3|         array|
|pad_img_4_3_ce0                        |  out|    1|   ap_memory|             pad_img_4_3|         array|
|pad_img_4_3_q0                         |   in|   24|   ap_memory|             pad_img_4_3|         array|
|pad_img_4_4_address0                   |  out|    5|   ap_memory|             pad_img_4_4|         array|
|pad_img_4_4_ce0                        |  out|    1|   ap_memory|             pad_img_4_4|         array|
|pad_img_4_4_q0                         |   in|   24|   ap_memory|             pad_img_4_4|         array|
|pad_img_4_5_address0                   |  out|    5|   ap_memory|             pad_img_4_5|         array|
|pad_img_4_5_ce0                        |  out|    1|   ap_memory|             pad_img_4_5|         array|
|pad_img_4_5_q0                         |   in|   24|   ap_memory|             pad_img_4_5|         array|
|pad_img_4_6_address0                   |  out|    5|   ap_memory|             pad_img_4_6|         array|
|pad_img_4_6_ce0                        |  out|    1|   ap_memory|             pad_img_4_6|         array|
|pad_img_4_6_q0                         |   in|   24|   ap_memory|             pad_img_4_6|         array|
|pad_img_5_0_address0                   |  out|    5|   ap_memory|             pad_img_5_0|         array|
|pad_img_5_0_ce0                        |  out|    1|   ap_memory|             pad_img_5_0|         array|
|pad_img_5_0_q0                         |   in|   24|   ap_memory|             pad_img_5_0|         array|
|pad_img_5_1_address0                   |  out|    5|   ap_memory|             pad_img_5_1|         array|
|pad_img_5_1_ce0                        |  out|    1|   ap_memory|             pad_img_5_1|         array|
|pad_img_5_1_q0                         |   in|   24|   ap_memory|             pad_img_5_1|         array|
|pad_img_5_2_address0                   |  out|    5|   ap_memory|             pad_img_5_2|         array|
|pad_img_5_2_ce0                        |  out|    1|   ap_memory|             pad_img_5_2|         array|
|pad_img_5_2_q0                         |   in|   24|   ap_memory|             pad_img_5_2|         array|
|pad_img_5_3_address0                   |  out|    5|   ap_memory|             pad_img_5_3|         array|
|pad_img_5_3_ce0                        |  out|    1|   ap_memory|             pad_img_5_3|         array|
|pad_img_5_3_q0                         |   in|   24|   ap_memory|             pad_img_5_3|         array|
|pad_img_5_4_address0                   |  out|    5|   ap_memory|             pad_img_5_4|         array|
|pad_img_5_4_ce0                        |  out|    1|   ap_memory|             pad_img_5_4|         array|
|pad_img_5_4_q0                         |   in|   24|   ap_memory|             pad_img_5_4|         array|
|pad_img_5_5_address0                   |  out|    5|   ap_memory|             pad_img_5_5|         array|
|pad_img_5_5_ce0                        |  out|    1|   ap_memory|             pad_img_5_5|         array|
|pad_img_5_5_q0                         |   in|   24|   ap_memory|             pad_img_5_5|         array|
|pad_img_5_6_address0                   |  out|    5|   ap_memory|             pad_img_5_6|         array|
|pad_img_5_6_ce0                        |  out|    1|   ap_memory|             pad_img_5_6|         array|
|pad_img_5_6_q0                         |   in|   24|   ap_memory|             pad_img_5_6|         array|
|pad_img_6_0_address0                   |  out|    5|   ap_memory|             pad_img_6_0|         array|
|pad_img_6_0_ce0                        |  out|    1|   ap_memory|             pad_img_6_0|         array|
|pad_img_6_0_q0                         |   in|   24|   ap_memory|             pad_img_6_0|         array|
|pad_img_6_1_address0                   |  out|    5|   ap_memory|             pad_img_6_1|         array|
|pad_img_6_1_ce0                        |  out|    1|   ap_memory|             pad_img_6_1|         array|
|pad_img_6_1_q0                         |   in|   24|   ap_memory|             pad_img_6_1|         array|
|pad_img_6_2_address0                   |  out|    5|   ap_memory|             pad_img_6_2|         array|
|pad_img_6_2_ce0                        |  out|    1|   ap_memory|             pad_img_6_2|         array|
|pad_img_6_2_q0                         |   in|   24|   ap_memory|             pad_img_6_2|         array|
|pad_img_6_3_address0                   |  out|    5|   ap_memory|             pad_img_6_3|         array|
|pad_img_6_3_ce0                        |  out|    1|   ap_memory|             pad_img_6_3|         array|
|pad_img_6_3_q0                         |   in|   24|   ap_memory|             pad_img_6_3|         array|
|pad_img_6_4_address0                   |  out|    5|   ap_memory|             pad_img_6_4|         array|
|pad_img_6_4_ce0                        |  out|    1|   ap_memory|             pad_img_6_4|         array|
|pad_img_6_4_q0                         |   in|   24|   ap_memory|             pad_img_6_4|         array|
|pad_img_6_5_address0                   |  out|    5|   ap_memory|             pad_img_6_5|         array|
|pad_img_6_5_ce0                        |  out|    1|   ap_memory|             pad_img_6_5|         array|
|pad_img_6_5_q0                         |   in|   24|   ap_memory|             pad_img_6_5|         array|
|pad_img_6_6_address0                   |  out|    5|   ap_memory|             pad_img_6_6|         array|
|pad_img_6_6_ce0                        |  out|    1|   ap_memory|             pad_img_6_6|         array|
|pad_img_6_6_q0                         |   in|   24|   ap_memory|             pad_img_6_6|         array|
+---------------------------------------+-----+-----+------------+------------------------+--------------+

