

================================================================
== Vitis HLS Report for 'flattening_layer'
================================================================
* Date:           Thu Jan 23 17:45:40 2025

* Version:        2023.2 (Build 4023990 on Oct 11 2023)
* Project:        CNN_Optimal
* Solution:       solution1 (Vivado IP Flow Target)
* Product family: zynq
* Target device:  xc7z010-clg400-1


================================================================
== Performance Estimates
================================================================
+ Timing: 
    * Summary: 
    +--------+----------+----------+------------+
    |  Clock |  Target  | Estimated| Uncertainty|
    +--------+----------+----------+------------+
    |ap_clk  |  10.00 ns|  7.254 ns|     2.70 ns|
    +--------+----------+----------+------------+

+ Latency: 
    * Summary: 
    +---------+---------+----------+----------+-----+-----+---------+
    |  Latency (cycles) |  Latency (absolute) |  Interval | Pipeline|
    |   min   |   max   |    min   |    max   | min | max |   Type  |
    +---------+---------+----------+----------+-----+-----+---------+
    |      199|      199|  1.990 us|  1.990 us|  199|  199|       no|
    +---------+---------+----------+----------+-----+-----+---------+

    + Detail: 
        * Instance: 
        +----------------------+------------+---------+---------+----------+----------+-----+-----+---------+
        |                      |            |  Latency (cycles) |  Latency (absolute) |  Interval | Pipeline|
        |       Instance       |   Module   |   min   |   max   |    min   |    max   | min | max |   Type  |
        +----------------------+------------+---------+---------+----------+----------+-----+-----+---------+
        |grp_flattening_fu_28  |flattening  |      198|      198|  1.980 us|  1.980 us|  198|  198|       no|
        |grp_flattening_fu_36  |flattening  |      198|      198|  1.980 us|  1.980 us|  198|  198|       no|
        |grp_flattening_fu_44  |flattening  |      198|      198|  1.980 us|  1.980 us|  198|  198|       no|
        |grp_flattening_fu_52  |flattening  |      198|      198|  1.980 us|  1.980 us|  198|  198|       no|
        +----------------------+------------+---------+---------+----------+----------+-----+-----+---------+

        * Loop: 
        N/A



================================================================
== Utilization Estimates
================================================================
* Summary: 
+-----------------+---------+----+-------+-------+-----+
|       Name      | BRAM_18K| DSP|   FF  |  LUT  | URAM|
+-----------------+---------+----+-------+-------+-----+
|DSP              |        -|   -|      -|      -|    -|
|Expression       |        -|   -|      0|      4|    -|
|FIFO             |        -|   -|      -|      -|    -|
|Instance         |        -|   -|    104|    788|    -|
|Memory           |        -|   -|      -|      -|    -|
|Multiplexer      |        -|   -|      -|    104|    -|
|Register         |        -|   -|      8|      -|    -|
+-----------------+---------+----+-------+-------+-----+
|Total            |        0|   0|    112|    896|    0|
+-----------------+---------+----+-------+-------+-----+
|Available        |      120|  80|  35200|  17600|    0|
+-----------------+---------+----+-------+-------+-----+
|Utilization (%)  |        0|   0|     ~0|      5|    0|
+-----------------+---------+----+-------+-------+-----+

+ Detail: 
    * Instance: 
    +----------------------+------------+---------+----+----+-----+-----+
    |       Instance       |   Module   | BRAM_18K| DSP| FF | LUT | URAM|
    +----------------------+------------+---------+----+----+-----+-----+
    |grp_flattening_fu_28  |flattening  |        0|   0|  26|  197|    0|
    |grp_flattening_fu_36  |flattening  |        0|   0|  26|  197|    0|
    |grp_flattening_fu_44  |flattening  |        0|   0|  26|  197|    0|
    |grp_flattening_fu_52  |flattening  |        0|   0|  26|  197|    0|
    +----------------------+------------+---------+----+----+-----+-----+
    |Total                 |            |        0|   0| 104|  788|    0|
    +----------------------+------------+---------+----+----+-----+-----+

    * DSP: 
    N/A

    * Memory: 
    N/A

    * FIFO: 
    N/A

    * Expression: 
    +---------------------------------+----------+----+---+----+------------+------------+
    |          Variable Name          | Operation| DSP| FF| LUT| Bitwidth P0| Bitwidth P1|
    +---------------------------------+----------+----+---+----+------------+------------+
    |ap_block_state1                  |        or|   0|  0|   2|           1|           1|
    |ap_block_state2_on_subcall_done  |        or|   0|  0|   2|           1|           1|
    +---------------------------------+----------+----+---+----+------------+------------+
    |Total                            |          |   0|  0|   4|           2|           2|
    +---------------------------------+----------+----+---+----+------------+------------+

    * Multiplexer: 
    +-------------------------------+----+-----------+-----+-----------+
    |              Name             | LUT| Input Size| Bits| Total Bits|
    +-------------------------------+----+-----------+-----+-----------+
    |ap_NS_fsm                      |  14|          3|    1|          3|
    |ap_done                        |   9|          2|    1|          2|
    |flat_to_dense_streams_0_write  |   9|          2|    1|          2|
    |flat_to_dense_streams_1_write  |   9|          2|    1|          2|
    |flat_to_dense_streams_2_write  |   9|          2|    1|          2|
    |flat_to_dense_streams_3_write  |   9|          2|    1|          2|
    |pool_to_flat_streams_0_read    |   9|          2|    1|          2|
    |pool_to_flat_streams_1_read    |   9|          2|    1|          2|
    |pool_to_flat_streams_2_read    |   9|          2|    1|          2|
    |pool_to_flat_streams_3_read    |   9|          2|    1|          2|
    |real_start                     |   9|          2|    1|          2|
    +-------------------------------+----+-----------+-----+-----------+
    |Total                          | 104|         23|   11|         23|
    +-------------------------------+----+-----------+-----+-----------+

    * Register: 
    +-----------------------------------+---+----+-----+-----------+
    |                Name               | FF| LUT| Bits| Const Bits|
    +-----------------------------------+---+----+-----+-----------+
    |ap_CS_fsm                          |  2|   0|    2|          0|
    |ap_done_reg                        |  1|   0|    1|          0|
    |grp_flattening_fu_28_ap_start_reg  |  1|   0|    1|          0|
    |grp_flattening_fu_36_ap_start_reg  |  1|   0|    1|          0|
    |grp_flattening_fu_44_ap_start_reg  |  1|   0|    1|          0|
    |grp_flattening_fu_52_ap_start_reg  |  1|   0|    1|          0|
    |start_once_reg                     |  1|   0|    1|          0|
    +-----------------------------------+---+----+-----+-----------+
    |Total                              |  8|   0|    8|          0|
    +-----------------------------------+---+----+-----+-----------+



================================================================
== Interface
================================================================
* Summary: 
+----------------------------------------+-----+-----+------------+-------------------------+--------------+
|                RTL Ports               | Dir | Bits|  Protocol  |      Source Object      |    C Type    |
+----------------------------------------+-----+-----+------------+-------------------------+--------------+
|ap_clk                                  |   in|    1|  ap_ctrl_hs|         flattening_layer|  return value|
|ap_rst                                  |   in|    1|  ap_ctrl_hs|         flattening_layer|  return value|
|ap_start                                |   in|    1|  ap_ctrl_hs|         flattening_layer|  return value|
|start_full_n                            |   in|    1|  ap_ctrl_hs|         flattening_layer|  return value|
|ap_done                                 |  out|    1|  ap_ctrl_hs|         flattening_layer|  return value|
|ap_continue                             |   in|    1|  ap_ctrl_hs|         flattening_layer|  return value|
|ap_idle                                 |  out|    1|  ap_ctrl_hs|         flattening_layer|  return value|
|ap_ready                                |  out|    1|  ap_ctrl_hs|         flattening_layer|  return value|
|start_out                               |  out|    1|  ap_ctrl_hs|         flattening_layer|  return value|
|start_write                             |  out|    1|  ap_ctrl_hs|         flattening_layer|  return value|
|pool_to_flat_streams_0_dout             |   in|   32|     ap_fifo|   pool_to_flat_streams_0|       pointer|
|pool_to_flat_streams_0_num_data_valid   |   in|    9|     ap_fifo|   pool_to_flat_streams_0|       pointer|
|pool_to_flat_streams_0_fifo_cap         |   in|    9|     ap_fifo|   pool_to_flat_streams_0|       pointer|
|pool_to_flat_streams_0_empty_n          |   in|    1|     ap_fifo|   pool_to_flat_streams_0|       pointer|
|pool_to_flat_streams_0_read             |  out|    1|     ap_fifo|   pool_to_flat_streams_0|       pointer|
|pool_to_flat_streams_1_dout             |   in|   32|     ap_fifo|   pool_to_flat_streams_1|       pointer|
|pool_to_flat_streams_1_num_data_valid   |   in|    9|     ap_fifo|   pool_to_flat_streams_1|       pointer|
|pool_to_flat_streams_1_fifo_cap         |   in|    9|     ap_fifo|   pool_to_flat_streams_1|       pointer|
|pool_to_flat_streams_1_empty_n          |   in|    1|     ap_fifo|   pool_to_flat_streams_1|       pointer|
|pool_to_flat_streams_1_read             |  out|    1|     ap_fifo|   pool_to_flat_streams_1|       pointer|
|pool_to_flat_streams_2_dout             |   in|   32|     ap_fifo|   pool_to_flat_streams_2|       pointer|
|pool_to_flat_streams_2_num_data_valid   |   in|    9|     ap_fifo|   pool_to_flat_streams_2|       pointer|
|pool_to_flat_streams_2_fifo_cap         |   in|    9|     ap_fifo|   pool_to_flat_streams_2|       pointer|
|pool_to_flat_streams_2_empty_n          |   in|    1|     ap_fifo|   pool_to_flat_streams_2|       pointer|
|pool_to_flat_streams_2_read             |  out|    1|     ap_fifo|   pool_to_flat_streams_2|       pointer|
|pool_to_flat_streams_3_dout             |   in|   32|     ap_fifo|   pool_to_flat_streams_3|       pointer|
|pool_to_flat_streams_3_num_data_valid   |   in|    9|     ap_fifo|   pool_to_flat_streams_3|       pointer|
|pool_to_flat_streams_3_fifo_cap         |   in|    9|     ap_fifo|   pool_to_flat_streams_3|       pointer|
|pool_to_flat_streams_3_empty_n          |   in|    1|     ap_fifo|   pool_to_flat_streams_3|       pointer|
|pool_to_flat_streams_3_read             |  out|    1|     ap_fifo|   pool_to_flat_streams_3|       pointer|
|flat_to_dense_streams_0_din             |  out|   32|     ap_fifo|  flat_to_dense_streams_0|       pointer|
|flat_to_dense_streams_0_num_data_valid  |   in|    9|     ap_fifo|  flat_to_dense_streams_0|       pointer|
|flat_to_dense_streams_0_fifo_cap        |   in|    9|     ap_fifo|  flat_to_dense_streams_0|       pointer|
|flat_to_dense_streams_0_full_n          |   in|    1|     ap_fifo|  flat_to_dense_streams_0|       pointer|
|flat_to_dense_streams_0_write           |  out|    1|     ap_fifo|  flat_to_dense_streams_0|       pointer|
|flat_to_dense_streams_1_din             |  out|   32|     ap_fifo|  flat_to_dense_streams_1|       pointer|
|flat_to_dense_streams_1_num_data_valid  |   in|    9|     ap_fifo|  flat_to_dense_streams_1|       pointer|
|flat_to_dense_streams_1_fifo_cap        |   in|    9|     ap_fifo|  flat_to_dense_streams_1|       pointer|
|flat_to_dense_streams_1_full_n          |   in|    1|     ap_fifo|  flat_to_dense_streams_1|       pointer|
|flat_to_dense_streams_1_write           |  out|    1|     ap_fifo|  flat_to_dense_streams_1|       pointer|
|flat_to_dense_streams_2_din             |  out|   32|     ap_fifo|  flat_to_dense_streams_2|       pointer|
|flat_to_dense_streams_2_num_data_valid  |   in|    9|     ap_fifo|  flat_to_dense_streams_2|       pointer|
|flat_to_dense_streams_2_fifo_cap        |   in|    9|     ap_fifo|  flat_to_dense_streams_2|       pointer|
|flat_to_dense_streams_2_full_n          |   in|    1|     ap_fifo|  flat_to_dense_streams_2|       pointer|
|flat_to_dense_streams_2_write           |  out|    1|     ap_fifo|  flat_to_dense_streams_2|       pointer|
|flat_to_dense_streams_3_din             |  out|   32|     ap_fifo|  flat_to_dense_streams_3|       pointer|
|flat_to_dense_streams_3_num_data_valid  |   in|    9|     ap_fifo|  flat_to_dense_streams_3|       pointer|
|flat_to_dense_streams_3_fifo_cap        |   in|    9|     ap_fifo|  flat_to_dense_streams_3|       pointer|
|flat_to_dense_streams_3_full_n          |   in|    1|     ap_fifo|  flat_to_dense_streams_3|       pointer|
|flat_to_dense_streams_3_write           |  out|    1|     ap_fifo|  flat_to_dense_streams_3|       pointer|
+----------------------------------------+-----+-----+------------+-------------------------+--------------+

